[INFO] Scanning for projects...
[INFO] 
[INFO] -------------------------< com.example:cartas >-------------------------
[INFO] Building cartas 0.0.1-SNAPSHOT
[INFO]   from pom.xml
[INFO] --------------------------------[ jar ]---------------------------------
[INFO] 
[INFO] --- clean:3.3.2:clean (default-clean) @ cartas ---
[INFO] Deleting C:\Users\safag\Documents\Cartas PFE\cartas-backend\target
[INFO] 
[INFO] --- resources:3.3.1:resources (default-resources) @ cartas ---
[INFO] Copying 1 resource from src\main\resources to target\classes
[INFO] Copying 0 resource from src\main\resources to target\classes
[INFO] 
[INFO] --- compiler:3.13.0:compile (default-compile) @ cartas ---
[INFO] Recompiling the module because of changed source code.
[INFO] Compiling 41 source files with javac [debug parameters release 21] to target\classes
[INFO] ------------------------------------------------------------------------
[INFO] BUILD SUCCESS
[INFO] ------------------------------------------------------------------------
[INFO] Total time:  5.062 s
[INFO] Finished at: 2026-03-13T01:47:02+01:00
[INFO] ------------------------------------------------------------------------
